// Jest Snapshot v1, https://goo.gl/fbAQLP

exports[`VideoList Component should match snapshot 1`] = `
<div
  className="sc-hKFxyN bLipdE"
>
  <div
    role="link"
  >
    <div
      className="MuiPaper-root MuiCard-root makeStyles-card-1 MuiPaper-elevation1 MuiPaper-rounded"
    >
      <div
        className="sc-dlnjwi efxPah"
        role="img"
      />
      <h2
        className="sc-bdnxRM llyFNT"
      >
        Video Tour | Welcome to Wizeline Guadalajara
      </h2>
      <p
        className="sc-gtsrHT hDZSOc"
        role="note"
      >
        Follow Hector Padilla, Wizeline Director of Engineering, for a lively tour of our office.

In 2018, Wizeline opened its stunning new office in Guadalajara, Jalisco, Mexico, home to over 400 employees. Wizeline has drawn attention for designing an office and culture focused on employee wellness and cultivating talent, earning a Super Espacios award by WeWork, Expansion Mexico, and Top Companies.

Read more about the office here: https://www.wizeline.com/creating-first-class-facilities/

If you're interested in working with Wizeline and want to experience the culture and tour our offices live, contact us at www.wizeline.com/contact/
      </p>
    </div>
  </div>
  <div
    role="link"
  >
    <div
      className="MuiPaper-root MuiCard-root makeStyles-card-1 MuiPaper-elevation1 MuiPaper-rounded"
    >
      <div
        className="sc-dlnjwi dZqklC"
        role="img"
      />
      <h2
        className="sc-bdnxRM llyFNT"
      >
        San Francisco to Guadalajara: Why I Moved From the Bay Area to Mexico for My Career
      </h2>
      <p
        className="sc-gtsrHT hDZSOc"
        role="note"
      >
        Claire Wright is a Project Manager at Wizeline, and made the move from Silicon Valley to Guadalajara last year. Watch Claire’s Collaboration Without Borders story to learn about her time abroad, and why she’s having the most valuable experiences of her career!

Up for a challenge? Apply today: www.wizeline.com/careers
      </p>
    </div>
  </div>
  <div
    role="link"
  >
    <div
      className="MuiPaper-root MuiCard-root makeStyles-card-1 MuiPaper-elevation1 MuiPaper-rounded"
    >
      <div
        className="sc-dlnjwi eARWKt"
        role="img"
      />
      <h2
        className="sc-bdnxRM llyFNT"
      >
        Wizeline Hiring Process Overview
      </h2>
      <p
        className="sc-gtsrHT hDZSOc"
        role="note"
      >
        Have you ever wondered what is Wizeline looking for in a Software Engineer and how our hiring process looks? Look no further!

In this video, we explain everything you need to know before applying. From the skills needed, day-to-day main activities, how is it like to be interviewed at Wizeline, and what could help you achieve a successful outcome.
      </p>
    </div>
  </div>
</div>
`;
