// Jest Snapshot v1, https://goo.gl/fbAQLP

exports[`Video Component should match snapshot 1`] = `
<a
  href="https://www.youtube.com/watch?v=UCPGzT4wecuWM0BH9mPiulXg"
>
  <div
    className="sc-bdnxRM kUVGDG"
  >
    <div
      className="sc-hKFxyN dCpmhy"
      role="img"
    />
    <h2
      className="sc-gtsrHT idyCrf"
    >
      Wizeline
    </h2>
    <p
      className="sc-dlnjwi iOGlgu"
      role="note"
    >
      Wizeline transforms how teams build technology. Its customers accelerate the delivery of innovative products with proven solutions, which combine Wizeline's ...
    </p>
  </div>
</a>
`;
