// Jest Snapshot v1, https://goo.gl/fbAQLP

exports[`Video Component should match snapshot 1`] = `
<div
  role="link"
>
  <div
    className="MuiPaper-root MuiCard-root makeStyles-card-1 MuiPaper-elevation1 MuiPaper-rounded"
  >
    <div
      className="sc-dlnjwi efxPah"
      role="img"
    />
    <h2
      className="sc-bdnxRM llyFNT"
    >
      Video Tour | Welcome to Wizeline Guadalajara
    </h2>
    <p
      className="sc-gtsrHT hDZSOc"
      role="note"
    >
      Follow Hector Padilla, Wizeline Director of Engineering, for a lively tour of our office.

In 2018, Wizeline opened its stunning new office in Guadalajara, Jalisco, Mexico, home to over 400 employees. Wizeline has drawn attention for designing an office and culture focused on employee wellness and cultivating talent, earning a Super Espacios award by WeWork, Expansion Mexico, and Top Companies.

Read more about the office here: https://www.wizeline.com/creating-first-class-facilities/

If you're interested in working with Wizeline and want to experience the culture and tour our offices live, contact us at www.wizeline.com/contact/
    </p>
  </div>
</div>
`;
